{"event": "record", "system_id": 3, "eta": 0.0, "seed": 0, "method": "annihilator", "protocol": "P2", "seconds": 21340.003324899997}
{"event": "record", "system_id": 3, "eta": 0.0, "seed": 0, "method": "annihilator", "protocol": "P1_from_AB1", "seconds": 21343.641436300008}
{"event": "record", "system_id": 3, "eta": 0.0, "seed": 0, "method": "annihilator", "protocol": "P1_from_AB2", "seconds": 21546.2850456}
{"event": "record", "system_id": 3, "eta": 0.01, "seed": 70000, "method": "annihilator", "protocol": "P1_from_AB2", "seconds": 21859.147706699994}
{"event": "record", "system_id": 3, "eta": 0.01, "seed": 70001, "method": "annihilator", "protocol": "P1_from_AB1", "seconds": 21928.355912600004}
{"event": "record", "system_id": 3, "eta": 0.01, "seed": 70000, "method": "annihilator", "protocol": "P1_from_AB1", "seconds": 22207.09269399999}
{"event": "record", "system_id": 3, "eta": 0.01, "seed": 70000, "method": "annihilator", "protocol": "P2", "seconds": 22242.48909409999}
{"event": "record", "system_id": 3, "eta": 0.01, "seed": 70001, "method": "annihilator", "protocol": "P1_from_AB2", "seconds": 2066.5275952999946}
{"event": "record", "system_id": 3, "eta": 0.01, "seed": 70001, "method": "annihilator", "protocol": "P2", "seconds": 2404.7689741000067}
{"event": "record", "system_id": 3, "eta": 0.01, "seed": 70002, "method": "annihilator", "protocol": "P1_from_AB1", "seconds": 2467.4695122999838}
{"event": "record", "system_id": 3, "eta": 0.01, "seed": 70002, "method": "annihilator", "protocol": "P1_from_AB2", "seconds": 2403.3886966000427}
{"event": "record", "system_id": 3, "eta": 0.01, "seed": 70002, "method": "annihilator", "protocol": "P2", "seconds": 2370.15269779996}
{"event": "record", "system_id": 3, "eta": 0.01, "seed": 70003, "method": "annihilator", "protocol": "P1_from_AB2", "seconds": 2262.4625747999526}
{"event": "record", "system_id": 3, "eta": 0.01, "seed": 70003, "method": "annihilator", "protocol": "P1_from_AB1", "seconds": 2366.4582134000375}
{"event": "record", "system_id": 3, "eta": 0.01, "seed": 70003, "method": "annihilator", "protocol": "P2", "seconds": 1352.460603900021}
{"event": "record", "system_id": 7, "eta": 0.0, "seed": 0, "method": "annihilator", "protocol": "P1_from_AB1", "seconds": 698.9237884999602}
{"event": "record", "system_id": 3, "eta": 0.01, "seed": 70004, "method": "annihilator", "protocol": "P1_from_AB2", "seconds": 1688.1256913999678}
{"event": "record", "system_id": 7, "eta": 0.01, "seed": 70000, "method": "annihilator", "protocol": "P1_from_AB1", "seconds": 947.7495232000365}
{"event": "record", "system_id": 3, "eta": 0.01, "seed": 70004, "method": "annihilator", "protocol": "P1_from_AB1", "seconds": 2015.3094993000268}
{"event": "record", "system_id": 7, "eta": 0.0, "seed": 0, "method": "annihilator", "protocol": "P1_from_AB2", "seconds": 1412.03837080003}
{"event": "record", "system_id": 3, "eta": 0.01, "seed": 70004, "method": "annihilator", "protocol": "P2", "seconds": 2464.2873162000324}
{"event": "record", "system_id": 7, "eta": 0.0, "seed": 0, "method": "annihilator", "protocol": "P2", "seconds": 2683.8343977999757}
{"event": "record", "system_id": 7, "eta": 0.01, "seed": 70000, "method": "annihilator", "protocol": "P1_from_AB2", "seconds": 2312.099694000033}
{"event": "record", "system_id": 7, "eta": 0.01, "seed": 70002, "method": "annihilator", "protocol": "P1_from_AB1", "seconds": 698.2577857000288}
{"event": "record", "system_id": 7, "eta": 0.01, "seed": 70001, "method": "annihilator", "protocol": "P1_from_AB1", "seconds": 2083.178176700021}
{"event": "record", "system_id": 7, "eta": 0.01, "seed": 70001, "method": "annihilator", "protocol": "P1_from_AB2", "seconds": 2162.469757099985}
{"event": "record", "system_id": 7, "eta": 0.01, "seed": 70003, "method": "annihilator", "protocol": "P1_from_AB1", "seconds": 544.1910574000212}
{"event": "record", "system_id": 7, "eta": 0.01, "seed": 70000, "method": "annihilator", "protocol": "P2", "seconds": 2349.9958273000084}
{"event": "record", "system_id": 7, "eta": 0.01, "seed": 70001, "method": "annihilator", "protocol": "P2", "seconds": 2380.5352138999733}
{"event": "record", "system_id": 7, "eta": 0.01, "seed": 70002, "method": "annihilator", "protocol": "P1_from_AB2", "seconds": 1090.1805050000548}
{"event": "record", "system_id": 7, "eta": 0.01, "seed": 70004, "method": "annihilator", "protocol": "P1_from_AB1", "seconds": 485.8056866999832}
{"event": "record", "system_id": 7, "eta": 0.01, "seed": 70002, "method": "annihilator", "protocol": "P2", "seconds": 1720.9859305000282}
{"event": "record", "system_id": 19, "eta": 0.0, "seed": 0, "method": "annihilator", "protocol": "P1_from_AB1", "seconds": 742.0527213999885}
{"event": "record", "system_id": 7, "eta": 0.01, "seed": 70003, "method": "annihilator", "protocol": "P1_from_AB2", "seconds": 1337.2506316999788}
{"event": "record", "system_id": 7, "eta": 0.01, "seed": 70003, "method": "annihilator", "protocol": "P2", "seconds": 1243.4224873000057}
{"event": "record", "system_id": 19, "eta": 0.0, "seed": 0, "method": "annihilator", "protocol": "P1_from_AB2", "seconds": 823.0687345000333}
{"event": "record", "system_id": 19, "eta": 0.01, "seed": 70000, "method": "sindy", "protocol": "P1_from_AB1", "seconds": 2.792751600034535}
{"event": "record", "system_id": 7, "eta": 0.01, "seed": 70004, "method": "annihilator", "protocol": "P1_from_AB2", "seconds": 1295.3226717999787}
{"event": "record", "system_id": 19, "eta": 0.01, "seed": 70000, "method": "sindy", "protocol": "P2", "seconds": 6.01500469999155}
{"event": "record", "system_id": 19, "eta": 0.01, "seed": 70000, "method": "wsindy", "protocol": "P1_from_AB1", "seconds": 20.877989100001287}
{"event": "record", "system_id": 19, "eta": 0.01, "seed": 70000, "method": "wsindy", "protocol": "P1_from_AB2", "seconds": 19.084553399996366}
{"event": "record", "system_id": 19, "eta": 0.01, "seed": 70000, "method": "wsindy", "protocol": "P2", "seconds": 19.821489800000563}
{"event": "record", "system_id": 19, "eta": 0.01, "seed": 70000, "method": "sindy", "protocol": "P1_from_AB2", "seconds": 149.69251289998647}
{"event": "record", "system_id": 19, "eta": 0.0, "seed": 0, "method": "annihilator", "protocol": "P2", "seconds": 533.9444797000033}
{"event": "record", "system_id": 7, "eta": 0.01, "seed": 70004, "method": "annihilator", "protocol": "P2", "seconds": 1408.8432959999773}
{"event": "record", "system_id": 19, "eta": 0.01, "seed": 70001, "method": "sindy", "protocol": "P1_from_AB1", "seconds": 233.38161710003624}
{"event": "record", "system_id": 19, "eta": 0.01, "seed": 70001, "method": "sindy", "protocol": "P1_from_AB2", "seconds": 4.923399600025732}
{"event": "record", "system_id": 19, "eta": 0.01, "seed": 70001, "method": "sindy", "protocol": "P2", "seconds": 10.509739300003275}
{"event": "record", "system_id": 19, "eta": 0.01, "seed": 70001, "method": "wsindy", "protocol": "P1_from_AB1", "seconds": 28.66153340000892}
{"event": "record", "system_id": 19, "eta": 0.01, "seed": 70001, "method": "wsindy", "protocol": "P1_from_AB2", "seconds": 19.900683299987577}
{"event": "record", "system_id": 19, "eta": 0.01, "seed": 70001, "method": "wsindy", "protocol": "P2", "seconds": 31.806033800006844}
{"event": "record", "system_id": 19, "eta": 0.01, "seed": 70000, "method": "annihilator", "protocol": "P1_from_AB1", "seconds": 1076.195562799985}
{"event": "record", "system_id": 19, "eta": 0.01, "seed": 70000, "method": "annihilator", "protocol": "P1_from_AB2", "seconds": 1062.0392099000164}
{"event": "record", "system_id": 19, "eta": 0.01, "seed": 70001, "method": "annihilator", "protocol": "P1_from_AB1", "seconds": 845.6911876999657}
{"event": "record", "system_id": 19, "eta": 0.01, "seed": 70000, "method": "annihilator", "protocol": "P2", "seconds": 1197.7846755000064}
{"event": "record", "system_id": 19, "eta": 0.01, "seed": 70002, "method": "sindy", "protocol": "P1_from_AB2", "seconds": 5.126356499968097}
{"event": "record", "system_id": 19, "eta": 0.01, "seed": 70002, "method": "sindy", "protocol": "P1_from_AB1", "seconds": 204.56979029998183}
{"event": "record", "system_id": 19, "eta": 0.01, "seed": 70002, "method": "wsindy", "protocol": "P1_from_AB1", "seconds": 24.656129900016822}
{"event": "record", "system_id": 19, "eta": 0.01, "seed": 70002, "method": "wsindy", "protocol": "P1_from_AB2", "seconds": 21.549756599997636}
{"event": "record", "system_id": 19, "eta": 0.01, "seed": 70002, "method": "wsindy", "protocol": "P2", "seconds": 31.963292000000365}
{"event": "record", "system_id": 19, "eta": 0.01, "seed": 70002, "method": "sindy", "protocol": "P2", "seconds": 212.32555149996188}
{"event": "record", "system_id": 19, "eta": 0.01, "seed": 70001, "method": "annihilator", "protocol": "P1_from_AB2", "seconds": 1198.6736847999855}
{"event": "record", "system_id": 19, "eta": 0.01, "seed": 70001, "method": "annihilator", "protocol": "P2", "seconds": 1248.573676800006}
{"event": "record", "system_id": 19, "eta": 0.01, "seed": 70003, "method": "sindy", "protocol": "P1_from_AB1", "seconds": 239.7695561000146}
{"event": "record", "system_id": 19, "eta": 0.01, "seed": 70003, "method": "sindy", "protocol": "P1_from_AB2", "seconds": 3.7461253000074066}
{"event": "record", "system_id": 19, "eta": 0.01, "seed": 70003, "method": "sindy", "protocol": "P2", "seconds": 6.0453152999980375}
{"event": "record", "system_id": 19, "eta": 0.01, "seed": 70003, "method": "wsindy", "protocol": "P1_from_AB1", "seconds": 30.351767500047572}
{"event": "record", "system_id": 19, "eta": 0.01, "seed": 70003, "method": "wsindy", "protocol": "P1_from_AB2", "seconds": 14.47826730000088}
{"event": "record", "system_id": 19, "eta": 0.01, "seed": 70003, "method": "wsindy", "protocol": "P2", "seconds": 20.985890400013886}
{"event": "record", "system_id": 19, "eta": 0.01, "seed": 70002, "method": "annihilator", "protocol": "P1_from_AB1", "seconds": 1201.5140591999516}
{"event": "record", "system_id": 19, "eta": 0.01, "seed": 70002, "method": "annihilator", "protocol": "P1_from_AB2", "seconds": 1095.7426971999812}
{"event": "record", "system_id": 19, "eta": 0.01, "seed": 70002, "method": "annihilator", "protocol": "P2", "seconds": 1172.5226000999683}
{"event": "record", "system_id": 19, "eta": 0.01, "seed": 70004, "method": "sindy", "protocol": "P1_from_AB1", "seconds": 2.0801288000075147}
{"event": "record", "system_id": 19, "eta": 0.01, "seed": 70004, "method": "sindy", "protocol": "P1_from_AB2", "seconds": 2.100214899983257}
{"event": "record", "system_id": 19, "eta": 0.01, "seed": 70004, "method": "sindy", "protocol": "P2", "seconds": 3.721781199972611}
{"event": "record", "system_id": 19, "eta": 0.01, "seed": 70004, "method": "wsindy", "protocol": "P1_from_AB1", "seconds": 16.100322099984623}
{"event": "record", "system_id": 19, "eta": 0.01, "seed": 70003, "method": "annihilator", "protocol": "P2", "seconds": 770.2097990000038}
{"event": "record", "system_id": 19, "eta": 0.01, "seed": 70004, "method": "wsindy", "protocol": "P1_from_AB2", "seconds": 15.203816800029017}
{"event": "record", "system_id": 19, "eta": 0.01, "seed": 70004, "method": "wsindy", "protocol": "P2", "seconds": 22.516159199993126}
{"event": "record", "system_id": 19, "eta": 0.01, "seed": 70003, "method": "annihilator", "protocol": "P1_from_AB1", "seconds": 1123.2618438000209}
{"event": "record", "system_id": 19, "eta": 0.01, "seed": 70003, "method": "annihilator", "protocol": "P1_from_AB2", "seconds": 1223.6575694999774}
{"event": "record", "system_id": 21, "eta": 0.0, "seed": 0, "method": "sindy", "protocol": "P1_from_AB1", "seconds": 2.8343371000373736}
{"event": "record", "system_id": 21, "eta": 0.0, "seed": 0, "method": "sindy", "protocol": "P1_from_AB2", "seconds": 2.3585655999486335}
{"event": "record", "system_id": 21, "eta": 0.0, "seed": 0, "method": "sindy", "protocol": "P2", "seconds": 4.100824800028931}
{"event": "record", "system_id": 21, "eta": 0.0, "seed": 0, "method": "wsindy", "protocol": "P1_from_AB1", "seconds": 16.815219199983403}
{"event": "record", "system_id": 21, "eta": 0.0, "seed": 0, "method": "wsindy", "protocol": "P1_from_AB2", "seconds": 15.085848999966402}
{"event": "record", "system_id": 21, "eta": 0.0, "seed": 0, "method": "wsindy", "protocol": "P2", "seconds": 19.37381479999749}
{"event": "record", "system_id": 19, "eta": 0.01, "seed": 70004, "method": "annihilator", "protocol": "P1_from_AB1", "seconds": 867.348519799998}
{"event": "record", "system_id": 21, "eta": 0.0, "seed": 0, "method": "annihilator", "protocol": "P1_from_AB1", "seconds": 652.4943993000197}
{"event": "record", "system_id": 21, "eta": 0.0, "seed": 0, "method": "annihilator", "protocol": "P1_from_AB2", "seconds": 704.8640827999916}
{"event": "record", "system_id": 21, "eta": 0.01, "seed": 70000, "method": "sindy", "protocol": "P1_from_AB1", "seconds": 1.3383177999639884}
{"event": "record", "system_id": 21, "eta": 0.01, "seed": 70000, "method": "sindy", "protocol": "P1_from_AB2", "seconds": 1.6681859999662265}
{"event": "record", "system_id": 21, "eta": 0.01, "seed": 70000, "method": "sindy", "protocol": "P2", "seconds": 11.113690799975302}
{"event": "record", "system_id": 21, "eta": 0.01, "seed": 70000, "method": "wsindy", "protocol": "P1_from_AB1", "seconds": 11.805879699997604}
{"event": "record", "system_id": 19, "eta": 0.01, "seed": 70004, "method": "annihilator", "protocol": "P1_from_AB2", "seconds": 920.3660658999579}
{"event": "record", "system_id": 21, "eta": 0.01, "seed": 70000, "method": "wsindy", "protocol": "P2", "seconds": 13.533010999963153}
{"event": "record", "system_id": 21, "eta": 0.01, "seed": 70000, "method": "wsindy", "protocol": "P1_from_AB2", "seconds": 19.18057750002481}
{"event": "record", "system_id": 19, "eta": 0.01, "seed": 70004, "method": "annihilator", "protocol": "P2", "seconds": 975.539814400021}
{"event": "record", "system_id": 21, "eta": 0.0, "seed": 0, "method": "annihilator", "protocol": "P2", "seconds": 651.2302727000206}
{"event": "record", "system_id": 21, "eta": 0.01, "seed": 70001, "method": "sindy", "protocol": "P1_from_AB1", "seconds": 204.2530723999953}
{"event": "record", "system_id": 21, "eta": 0.01, "seed": 70001, "method": "sindy", "protocol": "P1_from_AB2", "seconds": 4.2401766999973916}
{"event": "record", "system_id": 21, "eta": 0.01, "seed": 70001, "method": "sindy", "protocol": "P2", "seconds": 6.455877500004135}
{"event": "record", "system_id": 21, "eta": 0.01, "seed": 70001, "method": "wsindy", "protocol": "P1_from_AB1", "seconds": 25.506046599999536}
{"event": "record", "system_id": 21, "eta": 0.01, "seed": 70001, "method": "wsindy", "protocol": "P1_from_AB2", "seconds": 29.89892049995251}
{"event": "record", "system_id": 21, "eta": 0.01, "seed": 70001, "method": "wsindy", "protocol": "P2", "seconds": 52.54246120003518}
{"event": "record", "system_id": 21, "eta": 0.01, "seed": 70000, "method": "annihilator", "protocol": "P1_from_AB1", "seconds": 1054.2252092999988}
{"event": "record", "system_id": 21, "eta": 0.01, "seed": 70000, "method": "annihilator", "protocol": "P1_from_AB2", "seconds": 1048.7065018999856}
{"event": "record", "system_id": 21, "eta": 0.01, "seed": 70000, "method": "annihilator", "protocol": "P2", "seconds": 1014.6985415000236}
{"event": "record", "system_id": 21, "eta": 0.01, "seed": 70002, "method": "sindy", "protocol": "P1_from_AB1", "seconds": 1.3045571999973617}
{"event": "record", "system_id": 21, "eta": 0.01, "seed": 70002, "method": "sindy", "protocol": "P1_from_AB2", "seconds": 1.6834072000347078}
{"event": "record", "system_id": 21, "eta": 0.01, "seed": 70002, "method": "sindy", "protocol": "P2", "seconds": 20.757189100026153}
{"event": "record", "system_id": 21, "eta": 0.01, "seed": 70001, "method": "annihilator", "protocol": "P2", "seconds": 863.5117352000088}
{"event": "record", "system_id": 21, "eta": 0.01, "seed": 70001, "method": "annihilator", "protocol": "P1_from_AB1", "seconds": 937.3588814999675}
{"event": "record", "system_id": 21, "eta": 0.01, "seed": 70002, "method": "wsindy", "protocol": "P1_from_AB2", "seconds": 9.708431200007908}
{"event": "record", "system_id": 21, "eta": 0.01, "seed": 70002, "method": "wsindy", "protocol": "P1_from_AB1", "seconds": 28.236566499981564}
{"event": "record", "system_id": 21, "eta": 0.01, "seed": 70002, "method": "wsindy", "protocol": "P2", "seconds": 12.118773699970916}
{"event": "record", "system_id": 21, "eta": 0.01, "seed": 70001, "method": "annihilator", "protocol": "P1_from_AB2", "seconds": 987.8643404000322}
{"event": "record", "system_id": 21, "eta": 0.01, "seed": 70003, "method": "sindy", "protocol": "P1_from_AB1", "seconds": 1.4464828000054695}
{"event": "record", "system_id": 21, "eta": 0.01, "seed": 70003, "method": "sindy", "protocol": "P1_from_AB2", "seconds": 198.3342399999965}
{"event": "record", "system_id": 21, "eta": 0.01, "seed": 70003, "method": "sindy", "protocol": "P2", "seconds": 294.9059971999959}
{"event": "record", "system_id": 21, "eta": 0.01, "seed": 70003, "method": "wsindy", "protocol": "P1_from_AB1", "seconds": 20.44817139999941}
{"event": "record", "system_id": 21, "eta": 0.01, "seed": 70003, "method": "wsindy", "protocol": "P1_from_AB2", "seconds": 22.58219389995793}
{"event": "record", "system_id": 21, "eta": 0.01, "seed": 70003, "method": "wsindy", "protocol": "P2", "seconds": 49.218536100001074}
{"event": "record", "system_id": 21, "eta": 0.01, "seed": 70002, "method": "annihilator", "protocol": "P1_from_AB2", "seconds": 1022.3160184000153}
{"event": "record", "system_id": 21, "eta": 0.01, "seed": 70002, "method": "annihilator", "protocol": "P1_from_AB1", "seconds": 1425.6857420000015}
{"event": "record", "system_id": 21, "eta": 0.01, "seed": 70002, "method": "annihilator", "protocol": "P2", "seconds": 1037.6409252000158}
{"event": "record", "system_id": 21, "eta": 0.01, "seed": 70004, "method": "sindy", "protocol": "P1_from_AB1", "seconds": 1.457380199979525}
{"event": "record", "system_id": 21, "eta": 0.01, "seed": 70004, "method": "sindy", "protocol": "P1_from_AB2", "seconds": 9.379428100015502}
{"event": "record", "system_id": 21, "eta": 0.01, "seed": 70004, "method": "sindy", "protocol": "P2", "seconds": 8.480924599978607}
{"event": "record", "system_id": 21, "eta": 0.01, "seed": 70004, "method": "wsindy", "protocol": "P1_from_AB1", "seconds": 34.689678199996706}
{"event": "record", "system_id": 21, "eta": 0.01, "seed": 70004, "method": "wsindy", "protocol": "P1_from_AB2", "seconds": 13.765669200045522}
{"event": "record", "system_id": 21, "eta": 0.01, "seed": 70004, "method": "wsindy", "protocol": "P2", "seconds": 27.112672799965367}
{"event": "record", "system_id": 21, "eta": 0.01, "seed": 70003, "method": "annihilator", "protocol": "P1_from_AB1", "seconds": 1091.783548300038}
{"event": "record", "system_id": 21, "eta": 0.01, "seed": 70003, "method": "annihilator", "protocol": "P1_from_AB2", "seconds": 1110.5090015000314}
{"event": "record", "system_id": 21, "eta": 0.01, "seed": 70003, "method": "annihilator", "protocol": "P2", "seconds": 1166.9707205999875}
{"event": "record", "system_id": 21, "eta": 0.01, "seed": 70004, "method": "annihilator", "protocol": "P2", "seconds": 590.8494602999999}
{"event": "record", "system_id": 21, "eta": 0.01, "seed": 70004, "method": "annihilator", "protocol": "P1_from_AB1", "seconds": 933.3033598000184}
{"event": "record", "system_id": 21, "eta": 0.01, "seed": 70004, "method": "annihilator", "protocol": "P1_from_AB2", "seconds": 762.295104299963}
