{"event": "record", "system_id": 7, "eta": 0.0, "seed": 0, "method": "sindy", "protocol": "P1_from_AB2", "seconds": 1.4993393999757245}
{"event": "record", "system_id": 7, "eta": 0.0, "seed": 0, "method": "sindy", "protocol": "P2", "seconds": 1.7634891000052448}
{"event": "record", "system_id": 7, "eta": 0.0, "seed": 0, "method": "sindy", "protocol": "P1_from_AB1", "seconds": 7.085369200009154}
{"event": "record", "system_id": 7, "eta": 0.0, "seed": 0, "method": "wsindy", "protocol": "P1_from_AB1", "seconds": 8.418022400001064}
{"event": "record", "system_id": 7, "eta": 0.0, "seed": 0, "method": "wsindy", "protocol": "P1_from_AB2", "seconds": 8.613181100023212}
{"event": "record", "system_id": 7, "eta": 0.0, "seed": 0, "method": "wsindy", "protocol": "P2", "seconds": 10.155232899996918}
{"event": "record", "system_id": 7, "eta": 0.0, "seed": 0, "method": "annihilator", "protocol": "P1_from_AB1", "seconds": 882.1412751000025}
{"event": "record", "system_id": 3, "eta": 0.0, "seed": 0, "method": "sindy", "protocol": "P1_from_AB1", "seconds": 12.007127499993658}
{"event": "record", "system_id": 3, "eta": 0.0, "seed": 0, "method": "sindy", "protocol": "P1_from_AB2", "seconds": 9.94420060000266}
{"event": "record", "system_id": 3, "eta": 0.0, "seed": 0, "method": "sindy", "protocol": "P2", "seconds": 19.269173600012437}
{"event": "record", "system_id": 3, "eta": 0.0, "seed": 0, "method": "wsindy", "protocol": "P1_from_AB1", "seconds": 55.19429640000453}
{"event": "record", "system_id": 3, "eta": 0.0, "seed": 0, "method": "wsindy", "protocol": "P1_from_AB2", "seconds": 31.235513999999966}
{"event": "record", "system_id": 3, "eta": 0.0, "seed": 0, "method": "wsindy", "protocol": "P2", "seconds": 44.09569220000412}
{"event": "record", "system_id": 3, "eta": 0.0, "seed": 0, "method": "annihilator", "protocol": "P1_from_AB1", "seconds": 1244.2081763999886}
{"event": "record", "system_id": 7, "eta": 0.0, "seed": 0, "method": "annihilator", "protocol": "P1_from_AB2", "seconds": 1332.1170129000093}
{"event": "record", "system_id": 3, "eta": 0.0, "seed": 0, "method": "annihilator", "protocol": "P2", "seconds": 1370.2537291999906}
{"event": "record", "system_id": 3, "eta": 0.0, "seed": 0, "method": "annihilator", "protocol": "P1_from_AB2", "seconds": 1429.439515200007}
{"event": "record", "system_id": 7, "eta": 0.0, "seed": 0, "method": "annihilator", "protocol": "P2", "seconds": 1709.379196599999}
{"event": "record", "system_id": 3, "eta": 0.01, "seed": 70000, "method": "sindy", "protocol": "P1_from_AB2", "seconds": 7.865265100001125}
{"event": "record", "system_id": 3, "eta": 0.01, "seed": 70000, "method": "sindy", "protocol": "P1_from_AB1", "seconds": 11.343955299991649}
{"event": "record", "system_id": 3, "eta": 0.01, "seed": 70000, "method": "sindy", "protocol": "P2", "seconds": 17.958337899995968}
{"event": "record", "system_id": 3, "eta": 0.01, "seed": 70000, "method": "wsindy", "protocol": "P1_from_AB1", "seconds": 28.442422000021907}
{"event": "record", "system_id": 3, "eta": 0.01, "seed": 70000, "method": "wsindy", "protocol": "P1_from_AB2", "seconds": 29.100770599994576}
{"event": "record", "system_id": 3, "eta": 0.01, "seed": 70000, "method": "wsindy", "protocol": "P2", "seconds": 35.946368499979144}
{"event": "record", "system_id": 3, "eta": 0.01, "seed": 70001, "method": "annihilator", "protocol": "P1_from_AB2", "seconds": 1436.5360116999946}
{"event": "record", "system_id": 3, "eta": 0.01, "seed": 70001, "method": "sindy", "protocol": "P1_from_AB1", "seconds": 6.465681800007587}
{"event": "record", "system_id": 3, "eta": 0.01, "seed": 70001, "method": "sindy", "protocol": "P1_from_AB2", "seconds": 6.391504700004589}
{"event": "record", "system_id": 3, "eta": 0.01, "seed": 70001, "method": "sindy", "protocol": "P2", "seconds": 12.965085500007262}
{"event": "record", "system_id": 3, "eta": 0.01, "seed": 70000, "method": "annihilator", "protocol": "P1_from_AB1", "seconds": 1527.1037240999867}
{"event": "record", "system_id": 3, "eta": 0.01, "seed": 70000, "method": "annihilator", "protocol": "P1_from_AB2", "seconds": 1528.3909935999836}
{"event": "record", "system_id": 3, "eta": 0.01, "seed": 70001, "method": "wsindy", "protocol": "P1_from_AB1", "seconds": 27.316800100001274}
{"event": "record", "system_id": 3, "eta": 0.01, "seed": 70001, "method": "wsindy", "protocol": "P1_from_AB2", "seconds": 24.96291599998949}
{"event": "record", "system_id": 3, "eta": 0.01, "seed": 70001, "method": "wsindy", "protocol": "P2", "seconds": 33.93497569998726}
{"event": "record", "system_id": 3, "eta": 0.01, "seed": 70001, "method": "annihilator", "protocol": "P2", "seconds": 1536.0394799999776}
{"event": "record", "system_id": 3, "eta": 0.01, "seed": 70002, "method": "sindy", "protocol": "P1_from_AB1", "seconds": 7.882758299994748}
{"event": "record", "system_id": 3, "eta": 0.01, "seed": 70000, "method": "annihilator", "protocol": "P2", "seconds": 1602.1576399999904}
{"event": "record", "system_id": 3, "eta": 0.01, "seed": 70002, "method": "sindy", "protocol": "P1_from_AB2", "seconds": 5.969093699997757}
{"event": "record", "system_id": 3, "eta": 0.01, "seed": 70002, "method": "sindy", "protocol": "P2", "seconds": 12.455815499997698}
{"event": "record", "system_id": 3, "eta": 0.01, "seed": 70002, "method": "wsindy", "protocol": "P1_from_AB1", "seconds": 24.52110470001935}
{"event": "record", "system_id": 3, "eta": 0.01, "seed": 70002, "method": "wsindy", "protocol": "P1_from_AB2", "seconds": 19.878382399998372}
{"event": "record", "system_id": 3, "eta": 0.01, "seed": 70001, "method": "annihilator", "protocol": "P1_from_AB1", "seconds": 1610.9378020000004}
{"event": "record", "system_id": 3, "eta": 0.01, "seed": 70002, "method": "wsindy", "protocol": "P2", "seconds": 32.86710679999669}
{"event": "record", "system_id": 3, "eta": 0.01, "seed": 70003, "method": "annihilator", "protocol": "P1_from_AB1", "seconds": 1301.114525300014}
{"event": "record", "system_id": 3, "eta": 0.01, "seed": 70003, "method": "sindy", "protocol": "P1_from_AB1", "seconds": 6.006450299988501}
{"event": "record", "system_id": 3, "eta": 0.01, "seed": 70003, "method": "sindy", "protocol": "P1_from_AB2", "seconds": 5.9332892000093125}
{"event": "record", "system_id": 3, "eta": 0.01, "seed": 70003, "method": "annihilator", "protocol": "P2", "seconds": 1290.306443999987}
{"event": "record", "system_id": 3, "eta": 0.01, "seed": 70003, "method": "sindy", "protocol": "P2", "seconds": 10.796147499990184}
{"event": "record", "system_id": 3, "eta": 0.01, "seed": 70002, "method": "annihilator", "protocol": "P2", "seconds": 1402.4958624000137}
{"event": "record", "system_id": 3, "eta": 0.01, "seed": 70002, "method": "annihilator", "protocol": "P1_from_AB1", "seconds": 1439.6589744999947}
{"event": "record", "system_id": 3, "eta": 0.01, "seed": 70003, "method": "wsindy", "protocol": "P1_from_AB1", "seconds": 18.78377989999717}
{"event": "record", "system_id": 3, "eta": 0.01, "seed": 70003, "method": "wsindy", "protocol": "P1_from_AB2", "seconds": 18.284233999991557}
{"event": "record", "system_id": 3, "eta": 0.01, "seed": 70003, "method": "wsindy", "protocol": "P2", "seconds": 26.48333359998651}
{"event": "record", "system_id": 3, "eta": 0.01, "seed": 70004, "method": "sindy", "protocol": "P1_from_AB1", "seconds": 3.7718644999840762}
{"event": "record", "system_id": 3, "eta": 0.01, "seed": 70002, "method": "annihilator", "protocol": "P1_from_AB2", "seconds": 1443.3002263999952}
{"event": "record", "system_id": 3, "eta": 0.01, "seed": 70004, "method": "sindy", "protocol": "P1_from_AB2", "seconds": 5.446037600020645}
{"event": "record", "system_id": 3, "eta": 0.01, "seed": 70004, "method": "sindy", "protocol": "P2", "seconds": 8.350129099999322}
{"event": "record", "system_id": 3, "eta": 0.01, "seed": 70004, "method": "wsindy", "protocol": "P1_from_AB1", "seconds": 15.507431800011545}
{"event": "record", "system_id": 3, "eta": 0.01, "seed": 70004, "method": "wsindy", "protocol": "P1_from_AB2", "seconds": 15.62307149998378}
{"event": "record", "system_id": 3, "eta": 0.01, "seed": 70004, "method": "wsindy", "protocol": "P2", "seconds": 19.832961499982048}
{"event": "record", "system_id": 3, "eta": 0.01, "seed": 70003, "method": "annihilator", "protocol": "P1_from_AB2", "seconds": 1439.5313195000053}
{"event": "record", "system_id": 3, "eta": 0.01, "seed": 70004, "method": "annihilator", "protocol": "P1_from_AB2", "seconds": 979.6851263999997}
{"event": "record", "system_id": 3, "eta": 0.01, "seed": 70004, "method": "annihilator", "protocol": "P1_from_AB1", "seconds": 999.5996689999884}
{"event": "record", "system_id": 7, "eta": 0.01, "seed": 70000, "method": "sindy", "protocol": "P1_from_AB2", "seconds": 16.134969600010663}
{"event": "record", "system_id": 7, "eta": 0.01, "seed": 70000, "method": "sindy", "protocol": "P2", "seconds": 85.15375160000985}
{"event": "record", "system_id": 7, "eta": 0.01, "seed": 70000, "method": "wsindy", "protocol": "P1_from_AB1", "seconds": 59.87853720001294}
{"event": "record", "system_id": 7, "eta": 0.01, "seed": 70000, "method": "sindy", "protocol": "P1_from_AB1", "seconds": 188.97036929999013}
{"event": "record", "system_id": 7, "eta": 0.01, "seed": 70000, "method": "annihilator", "protocol": "P1_from_AB1", "seconds": 1202.5348932999768}
{"event": "record", "system_id": 7, "eta": 0.01, "seed": 70000, "method": "wsindy", "protocol": "P2", "seconds": 223.99704680001014}
{"event": "record", "system_id": 7, "eta": 0.01, "seed": 70000, "method": "wsindy", "protocol": "P1_from_AB2", "seconds": 306.6393631999963}
{"event": "record", "system_id": 3, "eta": 0.01, "seed": 70004, "method": "annihilator", "protocol": "P2", "seconds": 1559.0587293999852}
{"event": "record", "system_id": 7, "eta": 0.01, "seed": 70001, "method": "sindy", "protocol": "P1_from_AB1", "seconds": 106.52874410001095}
{"event": "record", "system_id": 7, "eta": 0.01, "seed": 70000, "method": "annihilator", "protocol": "P2", "seconds": 1587.731450399995}
{"event": "record", "system_id": 7, "eta": 0.01, "seed": 70000, "method": "annihilator", "protocol": "P1_from_AB2", "seconds": 1801.0074879000022}
{"event": "record", "system_id": 7, "eta": 0.01, "seed": 70001, "method": "wsindy", "protocol": "P1_from_AB1", "seconds": 115.70837189999293}
{"event": "record", "system_id": 7, "eta": 0.01, "seed": 70001, "method": "sindy", "protocol": "P1_from_AB2", "seconds": 381.75875720000477}
{"event": "record", "system_id": 7, "eta": 0.01, "seed": 70001, "method": "sindy", "protocol": "P2", "seconds": 369.23637299999245}
{"event": "record", "system_id": 7, "eta": 0.01, "seed": 70001, "method": "wsindy", "protocol": "P1_from_AB2", "seconds": 184.45439800000167}
{"event": "record", "system_id": 7, "eta": 0.01, "seed": 70001, "method": "wsindy", "protocol": "P2", "seconds": 214.63043499999912}
{"event": "record", "system_id": 7, "eta": 0.01, "seed": 70001, "method": "annihilator", "protocol": "P1_from_AB2", "seconds": 1311.287013299996}
{"event": "record", "system_id": 7, "eta": 0.01, "seed": 70001, "method": "annihilator", "protocol": "P2", "seconds": 1239.8441976999748}
{"event": "record", "system_id": 7, "eta": 0.01, "seed": 70002, "method": "sindy", "protocol": "P1_from_AB2", "seconds": 6.058904100005748}
{"event": "record", "system_id": 7, "eta": 0.01, "seed": 70001, "method": "annihilator", "protocol": "P1_from_AB1", "seconds": 1482.9313617000007}
{"event": "record", "system_id": 7, "eta": 0.01, "seed": 70002, "method": "sindy", "protocol": "P2", "seconds": 28.142008499999065}
{"event": "record", "system_id": 7, "eta": 0.01, "seed": 70002, "method": "wsindy", "protocol": "P1_from_AB1", "seconds": 25.699811400001636}
{"event": "record", "system_id": 7, "eta": 0.01, "seed": 70002, "method": "sindy", "protocol": "P1_from_AB1", "seconds": 93.75389959997847}
{"event": "record", "system_id": 7, "eta": 0.01, "seed": 70002, "method": "wsindy", "protocol": "P2", "seconds": 39.60389060000307}
{"event": "record", "system_id": 7, "eta": 0.01, "seed": 70002, "method": "wsindy", "protocol": "P1_from_AB2", "seconds": 68.33183609999833}
{"event": "record", "system_id": 7, "eta": 0.01, "seed": 70002, "method": "annihilator", "protocol": "P1_from_AB1", "seconds": 862.5475462000177}
{"event": "record", "system_id": 7, "eta": 0.01, "seed": 70003, "method": "sindy", "protocol": "P1_from_AB1", "seconds": 3.0390895000018645}
{"event": "record", "system_id": 7, "eta": 0.01, "seed": 70003, "method": "sindy", "protocol": "P1_from_AB2", "seconds": 2.5924172999802977}
{"event": "record", "system_id": 7, "eta": 0.01, "seed": 70003, "method": "sindy", "protocol": "P2", "seconds": 7.283466699998826}
{"event": "record", "system_id": 7, "eta": 0.01, "seed": 70003, "method": "wsindy", "protocol": "P1_from_AB1", "seconds": 35.7467772999953}
{"event": "record", "system_id": 7, "eta": 0.01, "seed": 70003, "method": "wsindy", "protocol": "P1_from_AB2", "seconds": 112.07634790000156}
{"event": "record", "system_id": 7, "eta": 0.01, "seed": 70003, "method": "wsindy", "protocol": "P2", "seconds": 71.72075169999152}
{"event": "record", "system_id": 7, "eta": 0.01, "seed": 70002, "method": "annihilator", "protocol": "P1_from_AB2", "seconds": 1085.9080983999884}
{"event": "record", "system_id": 7, "eta": 0.01, "seed": 70002, "method": "annihilator", "protocol": "P2", "seconds": 1157.167776999995}
{"event": "record", "system_id": 7, "eta": 0.01, "seed": 70003, "method": "annihilator", "protocol": "P2", "seconds": 942.335103999998}
{"event": "record", "system_id": 7, "eta": 0.01, "seed": 70004, "method": "sindy", "protocol": "P1_from_AB1", "seconds": 6.726075500017032}
{"event": "record", "system_id": 7, "eta": 0.01, "seed": 70003, "method": "annihilator", "protocol": "P1_from_AB1", "seconds": 968.2590451999858}
{"event": "record", "system_id": 7, "eta": 0.01, "seed": 70003, "method": "annihilator", "protocol": "P1_from_AB2", "seconds": 1156.4763888999878}
{"event": "record", "system_id": 7, "eta": 0.01, "seed": 70004, "method": "wsindy", "protocol": "P1_from_AB1", "seconds": 76.57430060001207}
{"event": "record", "system_id": 7, "eta": 0.01, "seed": 70004, "method": "sindy", "protocol": "P1_from_AB2", "seconds": 320.04735119998804}
{"event": "record", "system_id": 7, "eta": 0.01, "seed": 70004, "method": "wsindy", "protocol": "P1_from_AB2", "seconds": 70.20277370000258}
{"event": "record", "system_id": 7, "eta": 0.01, "seed": 70004, "method": "wsindy", "protocol": "P2", "seconds": 43.404246899997815}
{"event": "record", "system_id": 7, "eta": 0.01, "seed": 70004, "method": "sindy", "protocol": "P2", "seconds": 428.2090175000194}
{"event": "record", "system_id": 7, "eta": 0.01, "seed": 70004, "method": "annihilator", "protocol": "P1_from_AB1", "seconds": 1156.4286246999982}
{"event": "record", "system_id": 19, "eta": 0.0, "seed": 0, "method": "sindy", "protocol": "P1_from_AB1", "seconds": 6.36305519999587}
{"event": "record", "system_id": 19, "eta": 0.0, "seed": 0, "method": "sindy", "protocol": "P1_from_AB2", "seconds": 6.053104899998289}
{"event": "record", "system_id": 19, "eta": 0.0, "seed": 0, "method": "sindy", "protocol": "P2", "seconds": 9.550510200002464}
{"event": "record", "system_id": 19, "eta": 0.0, "seed": 0, "method": "wsindy", "protocol": "P1_from_AB1", "seconds": 34.520610000006855}
{"event": "record", "system_id": 19, "eta": 0.0, "seed": 0, "method": "wsindy", "protocol": "P1_from_AB2", "seconds": 25.327124000003096}
{"event": "record", "system_id": 19, "eta": 0.0, "seed": 0, "method": "wsindy", "protocol": "P2", "seconds": 17.372786399995675}
{"event": "record", "system_id": 7, "eta": 0.01, "seed": 70004, "method": "annihilator", "protocol": "P1_from_AB2", "seconds": 1217.758487300016}
{"event": "record", "system_id": 19, "eta": 0.0, "seed": 0, "method": "annihilator", "protocol": "P2", "seconds": 512.1746054000105}
{"event": "record", "system_id": 19, "eta": 0.01, "seed": 70000, "method": "sindy", "protocol": "P1_from_AB1", "seconds": 1.917881400033366}
{"event": "record", "system_id": 19, "eta": 0.0, "seed": 0, "method": "annihilator", "protocol": "P1_from_AB1", "seconds": 562.5700544000138}
{"event": "record", "system_id": 19, "eta": 0.01, "seed": 70000, "method": "sindy", "protocol": "P2", "seconds": 4.386376399954315}
{"event": "record", "system_id": 19, "eta": 0.0, "seed": 0, "method": "annihilator", "protocol": "P1_from_AB2", "seconds": 580.4146965999971}
{"event": "record", "system_id": 19, "eta": 0.01, "seed": 70000, "method": "wsindy", "protocol": "P1_from_AB1", "seconds": 14.999062400020193}
{"event": "record", "system_id": 19, "eta": 0.01, "seed": 70000, "method": "wsindy", "protocol": "P1_from_AB2", "seconds": 12.126017100003082}
{"event": "record", "system_id": 19, "eta": 0.01, "seed": 70000, "method": "wsindy", "protocol": "P2", "seconds": 15.774723800015636}
{"event": "record", "system_id": 19, "eta": 0.01, "seed": 70000, "method": "sindy", "protocol": "P1_from_AB2", "seconds": 112.35625980002806}
{"event": "record", "system_id": 19, "eta": 0.01, "seed": 70000, "method": "annihilator", "protocol": "P2", "seconds": 681.2128798000049}
{"event": "record", "system_id": 7, "eta": 0.01, "seed": 70004, "method": "annihilator", "protocol": "P2", "seconds": 731.7446980000241}
{"event": "record", "system_id": 19, "eta": 0.01, "seed": 70001, "method": "sindy", "protocol": "P1_from_AB2", "seconds": 2.537147599970922}
{"event": "record", "system_id": 19, "eta": 0.01, "seed": 70000, "method": "annihilator", "protocol": "P1_from_AB2", "seconds": 736.6514376000268}
{"event": "record", "system_id": 19, "eta": 0.01, "seed": 70001, "method": "sindy", "protocol": "P2", "seconds": 3.888709899969399}
{"event": "record", "system_id": 19, "eta": 0.01, "seed": 70001, "method": "wsindy", "protocol": "P1_from_AB1", "seconds": 12.031615899992175}
{"event": "record", "system_id": 19, "eta": 0.01, "seed": 70001, "method": "wsindy", "protocol": "P1_from_AB2", "seconds": 10.97733209998114}
{"event": "record", "system_id": 19, "eta": 0.01, "seed": 70001, "method": "wsindy", "protocol": "P2", "seconds": 17.810563800041564}
{"event": "record", "system_id": 19, "eta": 0.01, "seed": 70000, "method": "annihilator", "protocol": "P1_from_AB1", "seconds": 767.275873799983}
{"event": "record", "system_id": 19, "eta": 0.01, "seed": 70001, "method": "sindy", "protocol": "P1_from_AB1", "seconds": 93.65097199997399}
{"event": "record", "system_id": 19, "eta": 0.01, "seed": 70002, "method": "sindy", "protocol": "P1_from_AB1", "seconds": 125.5595355000114}
{"event": "record", "system_id": 19, "eta": 0.01, "seed": 70002, "method": "sindy", "protocol": "P1_from_AB2", "seconds": 4.616548499965575}
{"event": "record", "system_id": 19, "eta": 0.01, "seed": 70002, "method": "sindy", "protocol": "P2", "seconds": 209.71932959998958}
{"event": "record", "system_id": 19, "eta": 0.01, "seed": 70002, "method": "wsindy", "protocol": "P1_from_AB1", "seconds": 15.205025199975353}
{"event": "record", "system_id": 19, "eta": 0.01, "seed": 70002, "method": "wsindy", "protocol": "P1_from_AB2", "seconds": 13.770113300008234}
{"event": "record", "system_id": 19, "eta": 0.01, "seed": 70002, "method": "wsindy", "protocol": "P2", "seconds": 17.734343699994497}
{"event": "record", "system_id": 19, "eta": 0.01, "seed": 70001, "method": "annihilator", "protocol": "P2", "seconds": 620.1378869999899}
{"event": "record", "system_id": 19, "eta": 0.01, "seed": 70001, "method": "annihilator", "protocol": "P1_from_AB2", "seconds": 652.2425900999806}
{"event": "record", "system_id": 19, "eta": 0.01, "seed": 70001, "method": "annihilator", "protocol": "P1_from_AB1", "seconds": 741.0119868000038}
{"event": "record", "system_id": 19, "eta": 0.01, "seed": 70002, "method": "annihilator", "protocol": "P1_from_AB1", "seconds": 696.6402894000057}
{"event": "record", "system_id": 19, "eta": 0.01, "seed": 70003, "method": "sindy", "protocol": "P1_from_AB2", "seconds": 3.0817142999731004}
{"event": "record", "system_id": 19, "eta": 0.01, "seed": 70003, "method": "sindy", "protocol": "P2", "seconds": 4.0159866999601945}
{"event": "record", "system_id": 19, "eta": 0.01, "seed": 70003, "method": "sindy", "protocol": "P1_from_AB1", "seconds": 133.1137723000138}
{"event": "record", "system_id": 19, "eta": 0.01, "seed": 70003, "method": "wsindy", "protocol": "P1_from_AB1", "seconds": 14.569479600002524}
{"event": "record", "system_id": 19, "eta": 0.01, "seed": 70003, "method": "wsindy", "protocol": "P1_from_AB2", "seconds": 12.312569999950938}
{"event": "record", "system_id": 19, "eta": 0.01, "seed": 70002, "method": "annihilator", "protocol": "P1_from_AB2", "seconds": 716.7447420000099}
{"event": "record", "system_id": 19, "eta": 0.01, "seed": 70003, "method": "wsindy", "protocol": "P2", "seconds": 16.77253690001089}
{"event": "record", "system_id": 19, "eta": 0.01, "seed": 70002, "method": "annihilator", "protocol": "P2", "seconds": 837.2534856999991}
{"event": "record", "system_id": 19, "eta": 0.01, "seed": 70004, "method": "sindy", "protocol": "P1_from_AB1", "seconds": 1.2189295000280254}
{"event": "record", "system_id": 19, "eta": 0.01, "seed": 70004, "method": "sindy", "protocol": "P1_from_AB2", "seconds": 1.2141504000173882}
{"event": "record", "system_id": 19, "eta": 0.01, "seed": 70004, "method": "sindy", "protocol": "P2", "seconds": 3.2726817000075243}
{"event": "record", "system_id": 19, "eta": 0.01, "seed": 70004, "method": "wsindy", "protocol": "P1_from_AB1", "seconds": 18.787097199994605}
{"event": "record", "system_id": 19, "eta": 0.01, "seed": 70004, "method": "wsindy", "protocol": "P1_from_AB2", "seconds": 20.903495499980636}
{"event": "record", "system_id": 19, "eta": 0.01, "seed": 70004, "method": "wsindy", "protocol": "P2", "seconds": 30.369531699980143}
{"event": "record", "system_id": 19, "eta": 0.01, "seed": 70003, "method": "annihilator", "protocol": "P1_from_AB1", "seconds": 790.1757301999605}
{"event": "record", "system_id": 19, "eta": 0.01, "seed": 70003, "method": "annihilator", "protocol": "P2", "seconds": 732.1032064000028}
{"event": "record", "system_id": 19, "eta": 0.01, "seed": 70003, "method": "annihilator", "protocol": "P1_from_AB2", "seconds": 740.8539347000187}
{"event": "record", "system_id": 21, "eta": 0.0, "seed": 0, "method": "sindy", "protocol": "P1_from_AB1", "seconds": 1.8889393999706954}
{"event": "record", "system_id": 21, "eta": 0.0, "seed": 0, "method": "sindy", "protocol": "P1_from_AB2", "seconds": 1.779543599986937}
{"event": "record", "system_id": 21, "eta": 0.0, "seed": 0, "method": "sindy", "protocol": "P2", "seconds": 2.825312600005418}
{"event": "record", "system_id": 21, "eta": 0.0, "seed": 0, "method": "wsindy", "protocol": "P1_from_AB1", "seconds": 14.810834900010377}
{"event": "record", "system_id": 21, "eta": 0.0, "seed": 0, "method": "wsindy", "protocol": "P1_from_AB2", "seconds": 13.394472599960864}
{"event": "record", "system_id": 21, "eta": 0.0, "seed": 0, "method": "wsindy", "protocol": "P2", "seconds": 18.39345739997225}
{"event": "record", "system_id": 19, "eta": 0.01, "seed": 70004, "method": "annihilator", "protocol": "P1_from_AB1", "seconds": 690.173526300001}
{"event": "record", "system_id": 19, "eta": 0.01, "seed": 70004, "method": "annihilator", "protocol": "P1_from_AB2", "seconds": 706.7388726999634}
{"event": "record", "system_id": 21, "eta": 0.0, "seed": 0, "method": "annihilator", "protocol": "P1_from_AB1", "seconds": 576.3268355999608}
{"event": "record", "system_id": 21, "eta": 0.01, "seed": 70000, "method": "sindy", "protocol": "P1_from_AB1", "seconds": 1.8605077000102028}
{"event": "record", "system_id": 21, "eta": 0.01, "seed": 70000, "method": "sindy", "protocol": "P1_from_AB2", "seconds": 1.9295137000153773}
{"event": "record", "system_id": 21, "eta": 0.01, "seed": 70000, "method": "sindy", "protocol": "P2", "seconds": 10.501594799978193}
{"event": "record", "system_id": 21, "eta": 0.01, "seed": 70000, "method": "wsindy", "protocol": "P1_from_AB1", "seconds": 18.259379600000102}
{"event": "record", "system_id": 21, "eta": 0.01, "seed": 70000, "method": "wsindy", "protocol": "P1_from_AB2", "seconds": 25.398624899971765}
{"event": "record", "system_id": 19, "eta": 0.01, "seed": 70004, "method": "annihilator", "protocol": "P2", "seconds": 855.8420399999595}
{"event": "record", "system_id": 21, "eta": 0.01, "seed": 70000, "method": "wsindy", "protocol": "P2", "seconds": 44.76102269999683}
{"event": "record", "system_id": 21, "eta": 0.0, "seed": 0, "method": "annihilator", "protocol": "P2", "seconds": 624.716923400003}
{"event": "record", "system_id": 21, "eta": 0.0, "seed": 0, "method": "annihilator", "protocol": "P1_from_AB2", "seconds": 700.6388587999973}
{"event": "record", "system_id": 21, "eta": 0.01, "seed": 70000, "method": "annihilator", "protocol": "P1_from_AB1", "seconds": 694.543221400003}
{"event": "record", "system_id": 21, "eta": 0.01, "seed": 70001, "method": "sindy", "protocol": "P1_from_AB2", "seconds": 2.1019494000356644}
{"event": "record", "system_id": 21, "eta": 0.01, "seed": 70001, "method": "sindy", "protocol": "P2", "seconds": 2.81454270001268}
{"event": "record", "system_id": 21, "eta": 0.01, "seed": 70001, "method": "wsindy", "protocol": "P1_from_AB1", "seconds": 12.15922580001643}
{"event": "record", "system_id": 21, "eta": 0.01, "seed": 70001, "method": "wsindy", "protocol": "P1_from_AB2", "seconds": 18.912136900005862}
{"event": "record", "system_id": 21, "eta": 0.01, "seed": 70001, "method": "sindy", "protocol": "P1_from_AB1", "seconds": 127.61656110000331}
{"event": "record", "system_id": 21, "eta": 0.01, "seed": 70001, "method": "wsindy", "protocol": "P2", "seconds": 21.851123599975836}
{"event": "record", "system_id": 21, "eta": 0.01, "seed": 70000, "method": "annihilator", "protocol": "P1_from_AB2", "seconds": 694.3804552999791}
{"event": "record", "system_id": 21, "eta": 0.01, "seed": 70000, "method": "annihilator", "protocol": "P2", "seconds": 874.9370281000156}
{"event": "record", "system_id": 21, "eta": 0.01, "seed": 70002, "method": "sindy", "protocol": "P1_from_AB1", "seconds": 2.502007599978242}
{"event": "record", "system_id": 21, "eta": 0.01, "seed": 70002, "method": "sindy", "protocol": "P1_from_AB2", "seconds": 2.925783699960448}
{"event": "record", "system_id": 21, "eta": 0.01, "seed": 70002, "method": "sindy", "protocol": "P2", "seconds": 29.799032400012948}
{"event": "record", "system_id": 21, "eta": 0.01, "seed": 70002, "method": "wsindy", "protocol": "P1_from_AB1", "seconds": 16.409190099977423}
{"event": "record", "system_id": 21, "eta": 0.01, "seed": 70002, "method": "wsindy", "protocol": "P1_from_AB2", "seconds": 17.22272990003694}
{"event": "record", "system_id": 21, "eta": 0.01, "seed": 70001, "method": "annihilator", "protocol": "P1_from_AB2", "seconds": 793.8355678999797}
{"event": "record", "system_id": 21, "eta": 0.01, "seed": 70002, "method": "wsindy", "protocol": "P2", "seconds": 25.12913389998721}
{"event": "record", "system_id": 21, "eta": 0.01, "seed": 70001, "method": "annihilator", "protocol": "P1_from_AB1", "seconds": 882.7245238000178}
{"event": "record", "system_id": 21, "eta": 0.01, "seed": 70001, "method": "annihilator", "protocol": "P2", "seconds": 787.6139095000108}
{"event": "record", "system_id": 21, "eta": 0.01, "seed": 70003, "method": "sindy", "protocol": "P1_from_AB1", "seconds": 2.7432278000051156}
{"event": "record", "system_id": 21, "eta": 0.01, "seed": 70003, "method": "sindy", "protocol": "P1_from_AB2", "seconds": 173.44226000003982}
{"event": "record", "system_id": 21, "eta": 0.01, "seed": 70002, "method": "annihilator", "protocol": "P2", "seconds": 726.536296700011}
{"event": "record", "system_id": 21, "eta": 0.01, "seed": 70003, "method": "wsindy", "protocol": "P1_from_AB1", "seconds": 14.724212700035423}
{"event": "record", "system_id": 21, "eta": 0.01, "seed": 70002, "method": "annihilator", "protocol": "P1_from_AB1", "seconds": 834.3882031000103}
{"event": "record", "system_id": 21, "eta": 0.01, "seed": 70003, "method": "wsindy", "protocol": "P1_from_AB2", "seconds": 22.4536708999658}
{"event": "record", "system_id": 21, "eta": 0.01, "seed": 70003, "method": "wsindy", "protocol": "P2", "seconds": 40.3512911000289}
{"event": "record", "system_id": 21, "eta": 0.01, "seed": 70002, "method": "annihilator", "protocol": "P1_from_AB2", "seconds": 870.2568860999891}
{"event": "record", "system_id": 21, "eta": 0.01, "seed": 70003, "method": "sindy", "protocol": "P2", "seconds": 177.66617020004196}
{"event": "record", "system_id": 21, "eta": 0.01, "seed": 70004, "method": "sindy", "protocol": "P1_from_AB1", "seconds": 1.1411308000097051}
{"event": "record", "system_id": 21, "eta": 0.01, "seed": 70004, "method": "sindy", "protocol": "P1_from_AB2", "seconds": 9.513626200030558}
{"event": "record", "system_id": 21, "eta": 0.01, "seed": 70004, "method": "sindy", "protocol": "P2", "seconds": 6.70431349996943}
{"event": "record", "system_id": 21, "eta": 0.01, "seed": 70004, "method": "wsindy", "protocol": "P1_from_AB1", "seconds": 60.72520629997598}
{"event": "record", "system_id": 21, "eta": 0.01, "seed": 70004, "method": "wsindy", "protocol": "P1_from_AB2", "seconds": 11.012138799997047}
{"event": "record", "system_id": 21, "eta": 0.01, "seed": 70004, "method": "wsindy", "protocol": "P2", "seconds": 14.757613699999638}
{"event": "record", "system_id": 21, "eta": 0.01, "seed": 70003, "method": "annihilator", "protocol": "P1_from_AB1", "seconds": 715.2737609000178}
{"event": "record", "system_id": 21, "eta": 0.01, "seed": 70003, "method": "annihilator", "protocol": "P1_from_AB2", "seconds": 727.5876377000241}
{"event": "record", "system_id": 21, "eta": 0.01, "seed": 70003, "method": "annihilator", "protocol": "P2", "seconds": 701.2414233000018}
{"event": "record", "system_id": 21, "eta": 0.01, "seed": 70004, "method": "annihilator", "protocol": "P1_from_AB1", "seconds": 568.390962000005}
{"event": "record", "system_id": 21, "eta": 0.01, "seed": 70004, "method": "annihilator", "protocol": "P2", "seconds": 541.12513390003}
{"event": "record", "system_id": 21, "eta": 0.01, "seed": 70004, "method": "annihilator", "protocol": "P1_from_AB2", "seconds": 552.1738824999775}
